#
# There is insufficient memory for the Java Runtime Environment to continue.
# Native memory allocation (malloc) failed to allocate 1049168 bytes. Error detail: Chunk::new
# Possible reasons:
#   The system is out of physical RAM or swap space
#   This process is running with CompressedOops enabled, and the Java Heap may be blocking the growth of the native heap
# Possible solutions:
#   Reduce memory load on the system
#   Increase physical memory or swap space
#   Check if swap backing store is full
#   Decrease Java heap size (-Xmx/-Xms)
#   Decrease number of Java threads
#   Decrease Java thread stack sizes (-Xss)
#   Set larger code cache with -XX:ReservedCodeCacheSize=
#   JVM is running with Unscaled Compressed Oops mode in which the Java heap is
#     placed in the first 4GB address space. The Java Heap base address is the
#     maximum limit for the native heap growth. Please use -XX:HeapBaseMinAddress
#     to set the Java Heap base and to place the Java Heap above 4GB virtual address.
# This output file may be truncated or incomplete.
#
#  Out of Memory Error (arena.cpp:162), pid=5652, tid=6052
#
# JRE version: Java(TM) SE Runtime Environment (24.0.1+9) (build 24.0.1+9-30)
# Java VM: Java HotSpot(TM) 64-Bit Server VM (24.0.1+9-30, mixed mode, sharing, tiered, compressed oops, compressed class ptrs, g1 gc, windows-amd64)
# No core dump will be written. Minidumps are not enabled by default on client versions of Windows
#

---------------  S U M M A R Y ------------

Command Line: -Dfile.encoding=UTF-8 --enable-preview --module-path=C:\java\Information_Management_Practice\build\classes information_management_practice.GUI

Host: Intel(R) Core(TM) i3-10110U CPU @ 2.10GHz, 4 cores, 7G,  Windows 11 , 64 bit Build 22621 (10.0.22621.5415)
Time: Wed Feb 11 00:24:44 2026 Malay Peninsula Standard Time elapsed time: 0.085463 seconds (0d 0h 0m 0s)

---------------  T H R E A D  ---------------

Current thread (0x000001d56a92c1b0):  JavaThread "C2 CompilerThread0" daemon [_thread_in_native, id=6052, stack(0x00000076e1e00000,0x00000076e1f00000) (1024K)]


Current CompileTask:
C2:85  164       4       java.util.HashMap::putVal (300 bytes)

Stack: [0x00000076e1e00000,0x00000076e1f00000]
Native frames: (J=compiled Java code, j=interpreted, Vv=VM code, C=native code)
V  [jvm.dll+0x730739]  (no source info available)
V  [jvm.dll+0x8d9b23]  (no source info available)
V  [jvm.dll+0x8dc00d]  (no source info available)
V  [jvm.dll+0x8dc683]  (no source info available)
V  [jvm.dll+0x2aa086]  (no source info available)
V  [jvm.dll+0xcedef]  (no source info available)
V  [jvm.dll+0xcf04f]  (no source info available)
V  [jvm.dll+0x154d83]  (no source info available)
V  [jvm.dll+0x735f5f]  (no source info available)
V  [jvm.dll+0x26fa1c]  (no source info available)
V  [jvm.dll+0x26ea3f]  (no source info available)
V  [jvm.dll+0x1e9d60]  (no source info available)
V  [jvm.dll+0x27e1fb]  (no source info available)
V  [jvm.dll+0x27c49a]  (no source info available)
V  [jvm.dll+0x42f456]  (no source info available)
V  [jvm.dll+0x87d76b]  (no source info available)
V  [jvm.dll+0x72ee55]  (no source info available)
C  [ucrtbase.dll+0x29333]  (no source info available)
C  [KERNEL32.DLL+0x1259d]  (no source info available)
C  [ntdll.dll+0x5af78]  (no source info available)

Lock stack of current Java thread (top to bottom):


---------------  P R O C E S S  ---------------

Threads class SMR info:
_java_thread_list=0x000001d5451271c0, length=11, elements={
0x000001d54c21be50, 0x000001d56a912c50, 0x000001d56a914a30, 0x000001d56a916950,
0x000001d56a919590, 0x000001d56a91d0e0, 0x000001d56a925d50, 0x000001d56a92c1b0,
0x000001d56a92efe0, 0x000001d5450edaf0, 0x000001d5450ed3a0
}

Java Threads: ( => current thread )
  0x000001d54c21be50 JavaThread "main"                              [_thread_in_vm, id=8300, stack(0x00000076e1000000,0x00000076e1100000) (1024K)]
  0x000001d56a912c50 JavaThread "Reference Handler"          daemon [_thread_blocked, id=8432, stack(0x00000076e1800000,0x00000076e1900000) (1024K)]
  0x000001d56a914a30 JavaThread "Finalizer"                  daemon [_thread_blocked, id=13212, stack(0x00000076e1900000,0x00000076e1a00000) (1024K)]
  0x000001d56a916950 JavaThread "Signal Dispatcher"          daemon [_thread_blocked, id=17468, stack(0x00000076e1a00000,0x00000076e1b00000) (1024K)]
  0x000001d56a919590 JavaThread "Attach Listener"            daemon [_thread_blocked, id=14960, stack(0x00000076e1b00000,0x00000076e1c00000) (1024K)]
  0x000001d56a91d0e0 JavaThread "Service Thread"             daemon [_thread_blocked, id=14936, stack(0x00000076e1c00000,0x00000076e1d00000) (1024K)]
  0x000001d56a925d50 JavaThread "Monitor Deflation Thread"   daemon [_thread_blocked, id=15728, stack(0x00000076e1d00000,0x00000076e1e00000) (1024K)]
=>0x000001d56a92c1b0 JavaThread "C2 CompilerThread0"         daemon [_thread_in_native, id=6052, stack(0x00000076e1e00000,0x00000076e1f00000) (1024K)]
  0x000001d56a92efe0 JavaThread "C1 CompilerThread0"         daemon [_thread_blocked, id=16760, stack(0x00000076e1f00000,0x00000076e2000000) (1024K)]
  0x000001d5450edaf0 JavaThread "Common-Cleaner"             daemon [_thread_blocked, id=12740, stack(0x00000076e2000000,0x00000076e2100000) (1024K)]
  0x000001d5450ed3a0 JavaThread "Notification Thread"        daemon [_thread_blocked, id=11700, stack(0x00000076e2100000,0x00000076e2200000) (1024K)]
Total: 11

Other Threads:
  0x000001d56a904360 VMThread "VM Thread"                           [id=9040, stack(0x00000076e1700000,0x00000076e1800000) (1024K)]
  0x000001d56a8f52b0 WatcherThread "VM Periodic Task Thread"        [id=13564, stack(0x00000076e1600000,0x00000076e1700000) (1024K)]
  0x000001d54e48dc10 WorkerThread "GC Thread#0"                     [id=7740, stack(0x00000076e1100000,0x00000076e1200000) (1024K)]
  0x000001d54e4a2630 ConcurrentGCThread "G1 Main Marker"            [id=11964, stack(0x00000076e1200000,0x00000076e1300000) (1024K)]
  0x000001d54e4a32c0 WorkerThread "G1 Conc#0"                       [id=13004, stack(0x00000076e1300000,0x00000076e1400000) (1024K)]
  0x000001d56a7b9840 ConcurrentGCThread "G1 Refine#0"               [id=7716, stack(0x00000076e1400000,0x00000076e1500000) (1024K)]
  0x000001d56a7ba070 ConcurrentGCThread "G1 Service"                [id=3264, stack(0x00000076e1500000,0x00000076e1600000) (1024K)]
Total: 7

Threads with active compile tasks:
C2 CompilerThread0  135  164       4       java.util.HashMap::putVal (300 bytes)
Total: 1

VM state: not at safepoint (normal execution)

VM Mutex/Monitor currently owned by a thread:  ([mutex/lock_event])
[0x00007fffd82a24b0] Metaspace_lock - owner thread: 0x000001d54c21be50

Heap address: 0x0000000082800000, size: 2008 MB, Compressed Oops mode: 32-bit

CDS archive(s) mapped at: [0x000001d500000000-0x000001d500d40000-0x000001d500d40000), size 13893632, SharedBaseAddress: 0x000001d500000000, ArchiveRelocationMode: 1.
Compressed class space mapped at: 0x000001d501000000-0x000001d541000000, reserved size: 1073741824
UseCompressedClassPointers 1, UseCompactObjectHeaders 0
Narrow klass pointer bits 32, Max shift 3
Narrow klass base: 0x000001d500000000, Narrow klass shift: 0
Encoding Range: [0x000001d500000000 - 0x000001d600000000), (4294967296 bytes)
Klass Range:    [0x000001d500000000 - 0x000001d541000000), (1090519040 bytes)
Klass ID Range:  [8 - 1090519033) (1090519025)

GC Precious Log:
 CardTable entry size: 512
 Card Set container configuration: InlinePtr #cards 5 size 8 Array Of Cards #cards 10 size 36 Howl #buckets 4 coarsen threshold 1843 Howl Bitmap #cards 512 size 80 coarsen threshold 460 Card regions per heap region 1 cards per card region 2048
 CPUs: 4 total, 4 available
 Memory: 8025M
 Large Page Support: Disabled
 NUMA Support: Disabled
 Compressed Oops: Enabled (32-bit)
 Heap Region Size: 1M
 Heap Min Capacity: 8M
 Heap Initial Capacity: 126M
 Heap Max Capacity: 2008M
 Pre-touch: Disabled
 Parallel Workers: 4
 Concurrent Workers: 1
 Concurrent Refinement Workers: 4
 Periodic GC: Disabled

Heap:
 garbage-first heap   total reserved 2056192K, committed 131072K, used 4212K [0x0000000082800000, 0x0000000100000000)
  region size 1024K, 4 young (4096K), 0 survivors (0K)
 Metaspace       used 1101K, committed 1280K, reserved 1114112K
  class space    used 70K, committed 192K, reserved 1048576K

Heap Regions: E=young(eden), S=young(survivor), O=old, HS=humongous(starts), HC=humongous(continues), CS=collection set, F=free, TAMS=top-at-mark-start, PB=parsable bottom
|   0|0x0000000082800000, 0x0000000082800000, 0x0000000082900000|  0%| F|  |TAMS 0x0000000082800000| PB 0x0000000082800000| Untracked |  0
|   1|0x0000000082900000, 0x0000000082900000, 0x0000000082a00000|  0%| F|  |TAMS 0x0000000082900000| PB 0x0000000082900000| Untracked |  0
|   2|0x0000000082a00000, 0x0000000082a00000, 0x0000000082b00000|  0%| F|  |TAMS 0x0000000082a00000| PB 0x0000000082a00000| Untracked |  0
|   3|0x0000000082b00000, 0x0000000082b00000, 0x0000000082c00000|  0%| F|  |TAMS 0x0000000082b00000| PB 0x0000000082b00000| Untracked |  0
|   4|0x0000000082c00000, 0x0000000082c00000, 0x0000000082d00000|  0%| F|  |TAMS 0x0000000082c00000| PB 0x0000000082c00000| Untracked |  0
|   5|0x0000000082d00000, 0x0000000082d00000, 0x0000000082e00000|  0%| F|  |TAMS 0x0000000082d00000| PB 0x0000000082d00000| Untracked |  0
|   6|0x0000000082e00000, 0x0000000082e00000, 0x0000000082f00000|  0%| F|  |TAMS 0x0000000082e00000| PB 0x0000000082e00000| Untracked |  0
|   7|0x0000000082f00000, 0x0000000082f00000, 0x0000000083000000|  0%| F|  |TAMS 0x0000000082f00000| PB 0x0000000082f00000| Untracked |  0
|   8|0x0000000083000000, 0x0000000083000000, 0x0000000083100000|  0%| F|  |TAMS 0x0000000083000000| PB 0x0000000083000000| Untracked |  0
|   9|0x0000000083100000, 0x0000000083100000, 0x0000000083200000|  0%| F|  |TAMS 0x0000000083100000| PB 0x0000000083100000| Untracked |  0
|  10|0x0000000083200000, 0x0000000083200000, 0x0000000083300000|  0%| F|  |TAMS 0x0000000083200000| PB 0x0000000083200000| Untracked |  0
|  11|0x0000000083300000, 0x0000000083300000, 0x0000000083400000|  0%| F|  |TAMS 0x0000000083300000| PB 0x0000000083300000| Untracked |  0
|  12|0x0000000083400000, 0x0000000083400000, 0x0000000083500000|  0%| F|  |TAMS 0x0000000083400000| PB 0x0000000083400000| Untracked |  0
|  13|0x0000000083500000, 0x0000000083500000, 0x0000000083600000|  0%| F|  |TAMS 0x0000000083500000| PB 0x0000000083500000| Untracked |  0
|  14|0x0000000083600000, 0x0000000083600000, 0x0000000083700000|  0%| F|  |TAMS 0x0000000083600000| PB 0x0000000083600000| Untracked |  0
|  15|0x0000000083700000, 0x0000000083700000, 0x0000000083800000|  0%| F|  |TAMS 0x0000000083700000| PB 0x0000000083700000| Untracked |  0
|  16|0x0000000083800000, 0x0000000083800000, 0x0000000083900000|  0%| F|  |TAMS 0x0000000083800000| PB 0x0000000083800000| Untracked |  0
|  17|0x0000000083900000, 0x0000000083900000, 0x0000000083a00000|  0%| F|  |TAMS 0x0000000083900000| PB 0x0000000083900000| Untracked |  0
|  18|0x0000000083a00000, 0x0000000083a00000, 0x0000000083b00000|  0%| F|  |TAMS 0x0000000083a00000| PB 0x0000000083a00000| Untracked |  0
|  19|0x0000000083b00000, 0x0000000083b00000, 0x0000000083c00000|  0%| F|  |TAMS 0x0000000083b00000| PB 0x0000000083b00000| Untracked |  0
|  20|0x0000000083c00000, 0x0000000083c00000, 0x0000000083d00000|  0%| F|  |TAMS 0x0000000083c00000| PB 0x0000000083c00000| Untracked |  0
|  21|0x0000000083d00000, 0x0000000083d00000, 0x0000000083e00000|  0%| F|  |TAMS 0x0000000083d00000| PB 0x0000000083d00000| Untracked |  0
|  22|0x0000000083e00000, 0x0000000083e00000, 0x0000000083f00000|  0%| F|  |TAMS 0x0000000083e00000| PB 0x0000000083e00000| Untracked |  0
|  23|0x0000000083f00000, 0x0000000083f00000, 0x0000000084000000|  0%| F|  |TAMS 0x0000000083f00000| PB 0x0000000083f00000| Untracked |  0
|  24|0x0000000084000000, 0x0000000084000000, 0x0000000084100000|  0%| F|  |TAMS 0x0000000084000000| PB 0x0000000084000000| Untracked |  0
|  25|0x0000000084100000, 0x0000000084100000, 0x0000000084200000|  0%| F|  |TAMS 0x0000000084100000| PB 0x0000000084100000| Untracked |  0
|  26|0x0000000084200000, 0x0000000084200000, 0x0000000084300000|  0%| F|  |TAMS 0x0000000084200000| PB 0x0000000084200000| Untracked |  0
|  27|0x0000000084300000, 0x0000000084300000, 0x0000000084400000|  0%| F|  |TAMS 0x0000000084300000| PB 0x0000000084300000| Untracked |  0
|  28|0x0000000084400000, 0x0000000084400000, 0x0000000084500000|  0%| F|  |TAMS 0x0000000084400000| PB 0x0000000084400000| Untracked |  0
|  29|0x0000000084500000, 0x0000000084500000, 0x0000000084600000|  0%| F|  |TAMS 0x0000000084500000| PB 0x0000000084500000| Untracked |  0
|  30|0x0000000084600000, 0x0000000084600000, 0x0000000084700000|  0%| F|  |TAMS 0x0000000084600000| PB 0x0000000084600000| Untracked |  0
|  31|0x0000000084700000, 0x0000000084700000, 0x0000000084800000|  0%| F|  |TAMS 0x0000000084700000| PB 0x0000000084700000| Untracked |  0
|  32|0x0000000084800000, 0x0000000084800000, 0x0000000084900000|  0%| F|  |TAMS 0x0000000084800000| PB 0x0000000084800000| Untracked |  0
|  33|0x0000000084900000, 0x0000000084900000, 0x0000000084a00000|  0%| F|  |TAMS 0x0000000084900000| PB 0x0000000084900000| Untracked |  0
|  34|0x0000000084a00000, 0x0000000084a00000, 0x0000000084b00000|  0%| F|  |TAMS 0x0000000084a00000| PB 0x0000000084a00000| Untracked |  0
|  35|0x0000000084b00000, 0x0000000084b00000, 0x0000000084c00000|  0%| F|  |TAMS 0x0000000084b00000| PB 0x0000000084b00000| Untracked |  0
|  36|0x0000000084c00000, 0x0000000084c00000, 0x0000000084d00000|  0%| F|  |TAMS 0x0000000084c00000| PB 0x0000000084c00000| Untracked |  0
|  37|0x0000000084d00000, 0x0000000084d00000, 0x0000000084e00000|  0%| F|  |TAMS 0x0000000084d00000| PB 0x0000000084d00000| Untracked |  0
|  38|0x0000000084e00000, 0x0000000084e00000, 0x0000000084f00000|  0%| F|  |TAMS 0x0000000084e00000| PB 0x0000000084e00000| Untracked |  0
|  39|0x0000000084f00000, 0x0000000084f00000, 0x0000000085000000|  0%| F|  |TAMS 0x0000000084f00000| PB 0x0000000084f00000| Untracked |  0
|  40|0x0000000085000000, 0x0000000085000000, 0x0000000085100000|  0%| F|  |TAMS 0x0000000085000000| PB 0x0000000085000000| Untracked |  0
|  41|0x0000000085100000, 0x0000000085100000, 0x0000000085200000|  0%| F|  |TAMS 0x0000000085100000| PB 0x0000000085100000| Untracked |  0
|  42|0x0000000085200000, 0x0000000085200000, 0x0000000085300000|  0%| F|  |TAMS 0x0000000085200000| PB 0x0000000085200000| Untracked |  0
|  43|0x0000000085300000, 0x0000000085300000, 0x0000000085400000|  0%| F|  |TAMS 0x0000000085300000| PB 0x0000000085300000| Untracked |  0
|  44|0x0000000085400000, 0x0000000085400000, 0x0000000085500000|  0%| F|  |TAMS 0x0000000085400000| PB 0x0000000085400000| Untracked |  0
|  45|0x0000000085500000, 0x0000000085500000, 0x0000000085600000|  0%| F|  |TAMS 0x0000000085500000| PB 0x0000000085500000| Untracked |  0
|  46|0x0000000085600000, 0x0000000085600000, 0x0000000085700000|  0%| F|  |TAMS 0x0000000085600000| PB 0x0000000085600000| Untracked |  0
|  47|0x0000000085700000, 0x0000000085700000, 0x0000000085800000|  0%| F|  |TAMS 0x0000000085700000| PB 0x0000000085700000| Untracked |  0
|  48|0x0000000085800000, 0x0000000085800000, 0x0000000085900000|  0%| F|  |TAMS 0x0000000085800000| PB 0x0000000085800000| Untracked |  0
|  49|0x0000000085900000, 0x0000000085900000, 0x0000000085a00000|  0%| F|  |TAMS 0x0000000085900000| PB 0x0000000085900000| Untracked |  0
|  50|0x0000000085a00000, 0x0000000085a00000, 0x0000000085b00000|  0%| F|  |TAMS 0x0000000085a00000| PB 0x0000000085a00000| Untracked |  0
|  51|0x0000000085b00000, 0x0000000085b00000, 0x0000000085c00000|  0%| F|  |TAMS 0x0000000085b00000| PB 0x0000000085b00000| Untracked |  0
|  52|0x0000000085c00000, 0x0000000085c00000, 0x0000000085d00000|  0%| F|  |TAMS 0x0000000085c00000| PB 0x0000000085c00000| Untracked |  0
|  53|0x0000000085d00000, 0x0000000085d00000, 0x0000000085e00000|  0%| F|  |TAMS 0x0000000085d00000| PB 0x0000000085d00000| Untracked |  0
|  54|0x0000000085e00000, 0x0000000085e00000, 0x0000000085f00000|  0%| F|  |TAMS 0x0000000085e00000| PB 0x0000000085e00000| Untracked |  0
|  55|0x0000000085f00000, 0x0000000085f00000, 0x0000000086000000|  0%| F|  |TAMS 0x0000000085f00000| PB 0x0000000085f00000| Untracked |  0
|  56|0x0000000086000000, 0x0000000086000000, 0x0000000086100000|  0%| F|  |TAMS 0x0000000086000000| PB 0x0000000086000000| Untracked |  0
|  57|0x0000000086100000, 0x0000000086100000, 0x0000000086200000|  0%| F|  |TAMS 0x0000000086100000| PB 0x0000000086100000| Untracked |  0
|  58|0x0000000086200000, 0x0000000086200000, 0x0000000086300000|  0%| F|  |TAMS 0x0000000086200000| PB 0x0000000086200000| Untracked |  0
|  59|0x0000000086300000, 0x0000000086300000, 0x0000000086400000|  0%| F|  |TAMS 0x0000000086300000| PB 0x0000000086300000| Untracked |  0
|  60|0x0000000086400000, 0x0000000086400000, 0x0000000086500000|  0%| F|  |TAMS 0x0000000086400000| PB 0x0000000086400000| Untracked |  0
|  61|0x0000000086500000, 0x0000000086500000, 0x0000000086600000|  0%| F|  |TAMS 0x0000000086500000| PB 0x0000000086500000| Untracked |  0
|  62|0x0000000086600000, 0x0000000086600000, 0x0000000086700000|  0%| F|  |TAMS 0x0000000086600000| PB 0x0000000086600000| Untracked |  0
|  63|0x0000000086700000, 0x0000000086700000, 0x0000000086800000|  0%| F|  |TAMS 0x0000000086700000| PB 0x0000000086700000| Untracked |  0
|  64|0x0000000086800000, 0x0000000086800000, 0x0000000086900000|  0%| F|  |TAMS 0x0000000086800000| PB 0x0000000086800000| Untracked |  0
|  65|0x0000000086900000, 0x0000000086900000, 0x0000000086a00000|  0%| F|  |TAMS 0x0000000086900000| PB 0x0000000086900000| Untracked |  0
|  66|0x0000000086a00000, 0x0000000086a00000, 0x0000000086b00000|  0%| F|  |TAMS 0x0000000086a00000| PB 0x0000000086a00000| Untracked |  0
|  67|0x0000000086b00000, 0x0000000086b00000, 0x0000000086c00000|  0%| F|  |TAMS 0x0000000086b00000| PB 0x0000000086b00000| Untracked |  0
|  68|0x0000000086c00000, 0x0000000086c00000, 0x0000000086d00000|  0%| F|  |TAMS 0x0000000086c00000| PB 0x0000000086c00000| Untracked |  0
|  69|0x0000000086d00000, 0x0000000086d00000, 0x0000000086e00000|  0%| F|  |TAMS 0x0000000086d00000| PB 0x0000000086d00000| Untracked |  0
|  70|0x0000000086e00000, 0x0000000086e00000, 0x0000000086f00000|  0%| F|  |TAMS 0x0000000086e00000| PB 0x0000000086e00000| Untracked |  0
|  71|0x0000000086f00000, 0x0000000086f00000, 0x0000000087000000|  0%| F|  |TAMS 0x0000000086f00000| PB 0x0000000086f00000| Untracked |  0
|  72|0x0000000087000000, 0x0000000087000000, 0x0000000087100000|  0%| F|  |TAMS 0x0000000087000000| PB 0x0000000087000000| Untracked |  0
|  73|0x0000000087100000, 0x0000000087100000, 0x0000000087200000|  0%| F|  |TAMS 0x0000000087100000| PB 0x0000000087100000| Untracked |  0
|  74|0x0000000087200000, 0x0000000087200000, 0x0000000087300000|  0%| F|  |TAMS 0x0000000087200000| PB 0x0000000087200000| Untracked |  0
|  75|0x0000000087300000, 0x0000000087300000, 0x0000000087400000|  0%| F|  |TAMS 0x0000000087300000| PB 0x0000000087300000| Untracked |  0
|  76|0x0000000087400000, 0x0000000087400000, 0x0000000087500000|  0%| F|  |TAMS 0x0000000087400000| PB 0x0000000087400000| Untracked |  0
|  77|0x0000000087500000, 0x0000000087500000, 0x0000000087600000|  0%| F|  |TAMS 0x0000000087500000| PB 0x0000000087500000| Untracked |  0
|  78|0x0000000087600000, 0x0000000087600000, 0x0000000087700000|  0%| F|  |TAMS 0x0000000087600000| PB 0x0000000087600000| Untracked |  0
|  79|0x0000000087700000, 0x0000000087700000, 0x0000000087800000|  0%| F|  |TAMS 0x0000000087700000| PB 0x0000000087700000| Untracked |  0
|  80|0x0000000087800000, 0x0000000087800000, 0x0000000087900000|  0%| F|  |TAMS 0x0000000087800000| PB 0x0000000087800000| Untracked |  0
|  81|0x0000000087900000, 0x0000000087900000, 0x0000000087a00000|  0%| F|  |TAMS 0x0000000087900000| PB 0x0000000087900000| Untracked |  0
|  82|0x0000000087a00000, 0x0000000087a00000, 0x0000000087b00000|  0%| F|  |TAMS 0x0000000087a00000| PB 0x0000000087a00000| Untracked |  0
|  83|0x0000000087b00000, 0x0000000087b00000, 0x0000000087c00000|  0%| F|  |TAMS 0x0000000087b00000| PB 0x0000000087b00000| Untracked |  0
|  84|0x0000000087c00000, 0x0000000087c00000, 0x0000000087d00000|  0%| F|  |TAMS 0x0000000087c00000| PB 0x0000000087c00000| Untracked |  0
|  85|0x0000000087d00000, 0x0000000087d00000, 0x0000000087e00000|  0%| F|  |TAMS 0x0000000087d00000| PB 0x0000000087d00000| Untracked |  0
|  86|0x0000000087e00000, 0x0000000087e00000, 0x0000000087f00000|  0%| F|  |TAMS 0x0000000087e00000| PB 0x0000000087e00000| Untracked |  0
|  87|0x0000000087f00000, 0x0000000087f00000, 0x0000000088000000|  0%| F|  |TAMS 0x0000000087f00000| PB 0x0000000087f00000| Untracked |  0
|  88|0x0000000088000000, 0x0000000088000000, 0x0000000088100000|  0%| F|  |TAMS 0x0000000088000000| PB 0x0000000088000000| Untracked |  0
|  89|0x0000000088100000, 0x0000000088100000, 0x0000000088200000|  0%| F|  |TAMS 0x0000000088100000| PB 0x0000000088100000| Untracked |  0
|  90|0x0000000088200000, 0x0000000088200000, 0x0000000088300000|  0%| F|  |TAMS 0x0000000088200000| PB 0x0000000088200000| Untracked |  0
|  91|0x0000000088300000, 0x0000000088300000, 0x0000000088400000|  0%| F|  |TAMS 0x0000000088300000| PB 0x0000000088300000| Untracked |  0
|  92|0x0000000088400000, 0x0000000088400000, 0x0000000088500000|  0%| F|  |TAMS 0x0000000088400000| PB 0x0000000088400000| Untracked |  0
|  93|0x0000000088500000, 0x0000000088500000, 0x0000000088600000|  0%| F|  |TAMS 0x0000000088500000| PB 0x0000000088500000| Untracked |  0
|  94|0x0000000088600000, 0x0000000088600000, 0x0000000088700000|  0%| F|  |TAMS 0x0000000088600000| PB 0x0000000088600000| Untracked |  0
|  95|0x0000000088700000, 0x0000000088700000, 0x0000000088800000|  0%| F|  |TAMS 0x0000000088700000| PB 0x0000000088700000| Untracked |  0
|  96|0x0000000088800000, 0x0000000088800000, 0x0000000088900000|  0%| F|  |TAMS 0x0000000088800000| PB 0x0000000088800000| Untracked |  0
|  97|0x0000000088900000, 0x0000000088900000, 0x0000000088a00000|  0%| F|  |TAMS 0x0000000088900000| PB 0x0000000088900000| Untracked |  0
|  98|0x0000000088a00000, 0x0000000088a00000, 0x0000000088b00000|  0%| F|  |TAMS 0x0000000088a00000| PB 0x0000000088a00000| Untracked |  0
|  99|0x0000000088b00000, 0x0000000088b00000, 0x0000000088c00000|  0%| F|  |TAMS 0x0000000088b00000| PB 0x0000000088b00000| Untracked |  0
| 100|0x0000000088c00000, 0x0000000088c00000, 0x0000000088d00000|  0%| F|  |TAMS 0x0000000088c00000| PB 0x0000000088c00000| Untracked |  0
| 101|0x0000000088d00000, 0x0000000088d00000, 0x0000000088e00000|  0%| F|  |TAMS 0x0000000088d00000| PB 0x0000000088d00000| Untracked |  0
| 102|0x0000000088e00000, 0x0000000088e00000, 0x0000000088f00000|  0%| F|  |TAMS 0x0000000088e00000| PB 0x0000000088e00000| Untracked |  0
| 103|0x0000000088f00000, 0x0000000088f00000, 0x0000000089000000|  0%| F|  |TAMS 0x0000000088f00000| PB 0x0000000088f00000| Untracked |  0
| 104|0x0000000089000000, 0x0000000089000000, 0x0000000089100000|  0%| F|  |TAMS 0x0000000089000000| PB 0x0000000089000000| Untracked |  0
| 105|0x0000000089100000, 0x0000000089100000, 0x0000000089200000|  0%| F|  |TAMS 0x0000000089100000| PB 0x0000000089100000| Untracked |  0
| 106|0x0000000089200000, 0x0000000089200000, 0x0000000089300000|  0%| F|  |TAMS 0x0000000089200000| PB 0x0000000089200000| Untracked |  0
| 107|0x0000000089300000, 0x0000000089300000, 0x0000000089400000|  0%| F|  |TAMS 0x0000000089300000| PB 0x0000000089300000| Untracked |  0
| 108|0x0000000089400000, 0x0000000089400000, 0x0000000089500000|  0%| F|  |TAMS 0x0000000089400000| PB 0x0000000089400000| Untracked |  0
| 109|0x0000000089500000, 0x0000000089500000, 0x0000000089600000|  0%| F|  |TAMS 0x0000000089500000| PB 0x0000000089500000| Untracked |  0
| 110|0x0000000089600000, 0x0000000089600000, 0x0000000089700000|  0%| F|  |TAMS 0x0000000089600000| PB 0x0000000089600000| Untracked |  0
| 111|0x0000000089700000, 0x0000000089700000, 0x0000000089800000|  0%| F|  |TAMS 0x0000000089700000| PB 0x0000000089700000| Untracked |  0
| 112|0x0000000089800000, 0x0000000089800000, 0x0000000089900000|  0%| F|  |TAMS 0x0000000089800000| PB 0x0000000089800000| Untracked |  0
| 113|0x0000000089900000, 0x0000000089900000, 0x0000000089a00000|  0%| F|  |TAMS 0x0000000089900000| PB 0x0000000089900000| Untracked |  0
| 114|0x0000000089a00000, 0x0000000089a00000, 0x0000000089b00000|  0%| F|  |TAMS 0x0000000089a00000| PB 0x0000000089a00000| Untracked |  0
| 115|0x0000000089b00000, 0x0000000089b00000, 0x0000000089c00000|  0%| F|  |TAMS 0x0000000089b00000| PB 0x0000000089b00000| Untracked |  0
| 116|0x0000000089c00000, 0x0000000089c00000, 0x0000000089d00000|  0%| F|  |TAMS 0x0000000089c00000| PB 0x0000000089c00000| Untracked |  0
| 117|0x0000000089d00000, 0x0000000089d00000, 0x0000000089e00000|  0%| F|  |TAMS 0x0000000089d00000| PB 0x0000000089d00000| Untracked |  0
| 118|0x0000000089e00000, 0x0000000089e00000, 0x0000000089f00000|  0%| F|  |TAMS 0x0000000089e00000| PB 0x0000000089e00000| Untracked |  0
| 119|0x0000000089f00000, 0x0000000089f00000, 0x000000008a000000|  0%| F|  |TAMS 0x0000000089f00000| PB 0x0000000089f00000| Untracked |  0
| 120|0x000000008a000000, 0x000000008a000000, 0x000000008a100000|  0%| F|  |TAMS 0x000000008a000000| PB 0x000000008a000000| Untracked |  0
| 121|0x000000008a100000, 0x000000008a100000, 0x000000008a200000|  0%| F|  |TAMS 0x000000008a100000| PB 0x000000008a100000| Untracked |  0
| 122|0x000000008a200000, 0x000000008a280000, 0x000000008a300000| 50%| E|  |TAMS 0x000000008a200000| PB 0x000000008a200000| Complete |  0
| 123|0x000000008a300000, 0x000000008a400000, 0x000000008a400000|100%| E|CS|TAMS 0x000000008a300000| PB 0x000000008a300000| Complete |  0
| 124|0x000000008a400000, 0x000000008a500000, 0x000000008a500000|100%| E|CS|TAMS 0x000000008a400000| PB 0x000000008a400000| Complete |  0
| 125|0x000000008a500000, 0x000000008a600000, 0x000000008a600000|100%| E|CS|TAMS 0x000000008a500000| PB 0x000000008a500000| Complete |  0
|2006|0x00000000ffe00000, 0x00000000fff00000, 0x00000000fff00000|100%| O|  |TAMS 0x00000000ffe00000| PB 0x00000000ffe00000| Untracked |  0
|2007|0x00000000fff00000, 0x00000000fff1d1c0, 0x0000000100000000| 11%| O|  |TAMS 0x00000000fff00000| PB 0x00000000fff00000| Untracked |  0

Card table byte_map: [0x000001d5660d0000,0x000001d5664c0000] _byte_map_base: 0x000001d565cbc000

Marking Bits: (CMBitMap*) 0x000001d54e48e330
 Bits: [0x000001d5664c0000, 0x000001d568420000)

Polling page: 0x000001d54c330000

Metaspace:

Usage:
  Non-class:      1.01 MB used.
      Class:     70.73 KB used.
       Both:      1.08 MB used.

Virtual space:
  Non-class space:       64.00 MB reserved,       1.06 MB (  2%) committed,  1 nodes.
      Class space:        1.00 GB reserved,     192.00 KB ( <1%) committed,  1 nodes.
             Both:        1.06 GB reserved,       1.25 MB ( <1%) committed. 

Chunk freelists:
   Non-Class:  11.98 MB
       Class:  15.74 MB
        Both:  27.72 MB

MaxMetaspaceSize: unlimited
CompressedClassSpaceSize: 1.00 GB
Initial GC threshold: 21.00 MB
Current GC threshold: 21.00 MB
CDS: on
 - commit_granule_bytes: 65536.
 - commit_granule_words: 8192.
 - virtual_space_node_default_size: 8388608.
 - enlarge_chunks_in_place: 1.
UseCompressedClassPointers 1, UseCompactObjectHeaders 0
Narrow klass pointer bits 32, Max shift 3
Narrow klass base: 0x000001d500000000, Narrow klass shift: 0
Encoding Range: [0x000001d500000000 - 0x000001d600000000), (4294967296 bytes)
Klass Range:    [0x000001d500000000 - 0x000001d541000000), (1090519040 bytes)
Klass ID Range:  [8 - 1090519033) (1090519025)


Internal statistics:

num_allocs_failed_limit: 0.
num_arena_births: 8.
num_arena_deaths: 0.
num_vsnodes_births: 2.
num_vsnodes_deaths: 0.
num_space_committed: 20.
num_space_uncommitted: 0.
num_chunks_returned_to_freelist: 0.
num_chunks_taken_from_freelist: 10.
num_chunk_merges: 0.
num_chunk_splits: 5.
num_chunks_enlarged: 2.
num_inconsistent_stats: 0.

CodeHeap 'non-profiled nmethods': size=120064Kb used=68Kb max_used=68Kb free=119995Kb
 bounds [0x000001d55e7a0000, 0x000001d55ea10000, 0x000001d565ce0000]
CodeHeap 'profiled nmethods': size=120000Kb used=177Kb max_used=177Kb free=119822Kb
 bounds [0x000001d556ce0000, 0x000001d556f50000, 0x000001d55e210000]
CodeHeap 'non-nmethods': size=5696Kb used=1221Kb max_used=1221Kb free=4474Kb
 bounds [0x000001d55e210000, 0x000001d55e480000, 0x000001d55e7a0000]
CodeCache: size=245760Kb, used=1466Kb, max_used=1466Kb, free=244291Kb
 total_blobs=605, nmethods=223, adapters=287, full_count=0
Compilation: enabled, stopped_count=0, restarted_count=0

Compilation events (20 events):
Event: 0.081 Thread 0x000001d56a92efe0  216       3       java.util.zip.ZipUtils::CENCOM (9 bytes)
Event: 0.081 Thread 0x000001d56a92efe0 nmethod 216 0x000001d556d07588 code [0x000001d556d076a0, 0x000001d556d077b8]
Event: 0.081 Thread 0x000001d56a92efe0  217       3       java.util.zip.ZipUtils::CENEXT (9 bytes)
Event: 0.081 Thread 0x000001d56a92efe0 nmethod 217 0x000001d556d07888 code [0x000001d556d079a0, 0x000001d556d07ab8]
Event: 0.081 Thread 0x000001d56a92efe0  213       1       java.util.zip.ZipCoder$UTF8ZipCoder::isUTF8 (2 bytes)
Event: 0.081 Thread 0x000001d56a92efe0 nmethod 213 0x000001d55e7b0d08 code [0x000001d55e7b0e00, 0x000001d55e7b0ec8]
Event: 0.081 Thread 0x000001d56a92efe0  218       3       jdk.internal.misc.Unsafe::makeInt (51 bytes)
Event: 0.082 Thread 0x000001d56a92efe0 nmethod 218 0x000001d556d07b88 code [0x000001d556d07ce0, 0x000001d556d08110]
Event: 0.082 Thread 0x000001d56a92efe0  220       3       java.lang.StringConcatHelper::newArray (28 bytes)
Event: 0.082 Thread 0x000001d56a92efe0 nmethod 220 0x000001d556d08188 code [0x000001d556d082c0, 0x000001d556d08648]
Event: 0.082 Thread 0x000001d56a92efe0  219       1       jdk.internal.util.WeakReferenceKey::hashCode (5 bytes)
Event: 0.082 Thread 0x000001d56a92efe0 nmethod 219 0x000001d55e7b1008 code [0x000001d55e7b1100, 0x000001d55e7b11c8]
Event: 0.082 Thread 0x000001d56a92efe0  221       3       jdk.internal.classfile.impl.SplitConstantPool::map (161 bytes)
Event: 0.083 Thread 0x000001d56a92efe0 nmethod 221 0x000001d556d08688 code [0x000001d556d088a0, 0x000001d556d09488]
Event: 0.083 Thread 0x000001d56a92efe0  222       3       jdk.internal.util.ReferencedKeyMap::get (10 bytes)
Event: 0.083 Thread 0x000001d56a92efe0 nmethod 222 0x000001d556d09508 code [0x000001d556d096c0, 0x000001d556d09f60]
Event: 0.083 Thread 0x000001d56a92efe0  223       3       jdk.internal.util.ReferencedKeyMap::getNoCheckStale (22 bytes)
Event: 0.083 Thread 0x000001d56a92efe0 nmethod 223 0x000001d556d0a008 code [0x000001d556d0a160, 0x000001d556d0a678]
Event: 0.083 Thread 0x000001d56a92efe0  224       3       java.util.zip.ZipFile$Source::zipCoderForPos (39 bytes)
Event: 0.083 Thread 0x000001d56a92efe0 nmethod 224 0x000001d556d0a708 code [0x000001d556d0a860, 0x000001d556d0aba0]

GC Heap History (0 events):
No events

Dll operation events (4 events):
Event: 0.009 Loaded shared library C:\Program Files\Java\jdk-24\bin\java.dll
Event: 0.034 Loaded shared library C:\Program Files\Java\jdk-24\bin\jsvml.dll
Event: 0.062 Loaded shared library C:\Program Files\Java\jdk-24\bin\net.dll
Event: 0.063 Loaded shared library C:\Program Files\Java\jdk-24\bin\nio.dll

Deoptimization events (4 events):
Event: 0.074 Thread 0x000001d54c21be50 Uncommon trap: trap_request=0xfffffff4 fr.pc=0x000001d55e7adc14 relative=0x00000000000001f4
Event: 0.074 Thread 0x000001d54c21be50 Uncommon trap: reason=null_check action=make_not_entrant pc=0x000001d55e7adc14 method=java.lang.String.equals(Ljava/lang/Object;)Z @ 8 c2
Event: 0.074 Thread 0x000001d54c21be50 DEOPT PACKING pc=0x000001d55e7adc14 sp=0x00000076e10fe5c0
Event: 0.074 Thread 0x000001d54c21be50 DEOPT UNPACKING pc=0x000001d55e325302 sp=0x00000076e10fe558 mode 2

Classes loaded (20 events):
Event: 0.064 Loading class java/nio/file/DirectoryStream done
Event: 0.064 Loading class sun/nio/fs/WindowsDirectoryStream done
Event: 0.064 Loading class sun/nio/fs/WindowsDirectoryStream$WindowsDirectoryIterator
Event: 0.065 Loading class sun/nio/fs/WindowsDirectoryStream$WindowsDirectoryIterator done
Event: 0.065 Loading class sun/nio/fs/WindowsPath$WindowsPathWithAttributes
Event: 0.065 Loading class sun/nio/fs/BasicFileAttributesHolder
Event: 0.065 Loading class sun/nio/fs/BasicFileAttributesHolder done
Event: 0.065 Loading class sun/nio/fs/WindowsPath$WindowsPathWithAttributes done
Event: 0.065 Loading class java/nio/file/attribute/FileAttribute
Event: 0.065 Loading class java/nio/file/attribute/FileAttribute done
Event: 0.065 Loading class sun/nio/fs/WindowsSecurityDescriptor
Event: 0.065 Loading class sun/nio/fs/WindowsSecurityDescriptor done
Event: 0.065 Loading class sun/nio/fs/WindowsChannelFactory
Event: 0.065 Loading class sun/nio/fs/WindowsChannelFactory done
Event: 0.065 Loading class sun/nio/fs/WindowsChannelFactory$1
Event: 0.065 Loading class sun/nio/fs/WindowsChannelFactory$1 done
Event: 0.065 Loading class sun/nio/fs/WindowsChannelFactory$Flags
Event: 0.065 Loading class sun/nio/fs/WindowsChannelFactory$Flags done
Event: 0.067 Loading class jdk/internal/module/ModuleReferenceImpl$CachedHash
Event: 0.067 Loading class jdk/internal/module/ModuleReferenceImpl$CachedHash done

Classes unloaded (0 events):
No events

Classes redefined (0 events):
No events

Internal exceptions (3 events):
Event: 0.064 Thread 0x000001d54c21be50 Exception <a 'sun/nio/fs/WindowsException'{0x000000008a4d93b0}> (0x000000008a4d93b0) 
thrown [s\open\src\hotspot\share\prims\jni.cpp, line 518]
Event: 0.066 Thread 0x000001d54c21be50 Exception <a 'sun/nio/fs/WindowsException'{0x000000008a4db9c8}> (0x000000008a4db9c8) 
thrown [s\open\src\hotspot\share\prims\jni.cpp, line 518]
Event: 0.074 Thread 0x000001d54c21be50 Implicit null exception at 0x000001d55e7ada53 to 0x000001d55e7adc04

VM Operations (2 events):
Event: 0.066 Executing VM operation: HandshakeAllThreads (Deoptimize)
Event: 0.066 Executing VM operation: HandshakeAllThreads (Deoptimize) done

Memory protections (0 events):
No events

Nmethod flushes (0 events):
No events

Events (11 events):
Event: 0.023 Thread 0x000001d54c21be50 Thread added: 0x000001d54c21be50
Event: 0.032 Thread 0x000001d54c21be50 Thread added: 0x000001d56a912c50
Event: 0.032 Thread 0x000001d54c21be50 Thread added: 0x000001d56a914a30
Event: 0.032 Thread 0x000001d54c21be50 Thread added: 0x000001d56a916950
Event: 0.032 Thread 0x000001d54c21be50 Thread added: 0x000001d56a919590
Event: 0.032 Thread 0x000001d54c21be50 Thread added: 0x000001d56a91d0e0
Event: 0.032 Thread 0x000001d54c21be50 Thread added: 0x000001d56a925d50
Event: 0.033 Thread 0x000001d54c21be50 Thread added: 0x000001d56a92c1b0
Event: 0.033 Thread 0x000001d54c21be50 Thread added: 0x000001d56a92efe0
Event: 0.061 Thread 0x000001d54c21be50 Thread added: 0x000001d5450edaf0
Event: 0.077 Thread 0x000001d54c21be50 Thread added: 0x000001d5450ed3a0


Dynamic libraries:
0x00007ff7ac2a0000 - 0x00007ff7ac2b0000 	C:\Program Files\Java\jdk-24\bin\java.exe
0x00007ff884050000 - 0x00007ff884267000 	C:\WINDOWS\SYSTEM32\ntdll.dll
0x00007ff882b40000 - 0x00007ff882c04000 	C:\WINDOWS\System32\KERNEL32.DLL
0x00007ff8817d0000 - 0x00007ff881ba2000 	C:\WINDOWS\System32\KERNELBASE.dll
0x00007ff8813f0000 - 0x00007ff881501000 	C:\WINDOWS\System32\ucrtbase.dll
0x00007ff867d20000 - 0x00007ff867d36000 	C:\Program Files\Java\jdk-24\bin\jli.dll
0x00007fffd8d50000 - 0x00007fffd8d6b000 	C:\Program Files\Java\jdk-24\bin\VCRUNTIME140.dll
0x00007ff883af0000 - 0x00007ff883ca1000 	C:\WINDOWS\System32\USER32.dll
0x00007ff881700000 - 0x00007ff881726000 	C:\WINDOWS\System32\win32u.dll
0x00007ff881ce0000 - 0x00007ff881d09000 	C:\WINDOWS\System32\GDI32.dll
0x00007ff861670000 - 0x00007ff86190b000 	C:\WINDOWS\WinSxS\amd64_microsoft.windows.common-controls_6595b64144ccf1df_6.0.22621.5547_none_27104afb73855772\COMCTL32.dll
0x00007ff8815d0000 - 0x00007ff8816f3000 	C:\WINDOWS\System32\gdi32full.dll
0x00007ff882940000 - 0x00007ff8829e7000 	C:\WINDOWS\System32\msvcrt.dll
0x00007ff881730000 - 0x00007ff8817ca000 	C:\WINDOWS\System32\msvcp_win.dll
0x00007ff8833a0000 - 0x00007ff8833d1000 	C:\WINDOWS\System32\IMM32.DLL
0x00007fffd8d40000 - 0x00007fffd8d4c000 	C:\Program Files\Java\jdk-24\bin\vcruntime140_1.dll
0x00007fffd6d50000 - 0x00007fffd6dde000 	C:\Program Files\Java\jdk-24\bin\msvcp140.dll
0x00007fffd75e0000 - 0x00007fffd8382000 	C:\Program Files\Java\jdk-24\bin\server\jvm.dll
0x00007ff883a30000 - 0x00007ff883ae1000 	C:\WINDOWS\System32\ADVAPI32.dll
0x00007ff8832f0000 - 0x00007ff883398000 	C:\WINDOWS\System32\sechost.dll
0x00007ff881c30000 - 0x00007ff881c58000 	C:\WINDOWS\System32\bcrypt.dll
0x00007ff8831d0000 - 0x00007ff8832e4000 	C:\WINDOWS\System32\RPCRT4.dll
0x00007ff881d10000 - 0x00007ff881d81000 	C:\WINDOWS\System32\WS2_32.dll
0x00007ff881010000 - 0x00007ff88105d000 	C:\WINDOWS\SYSTEM32\POWRPROF.dll
0x00007ff87b340000 - 0x00007ff87b374000 	C:\WINDOWS\SYSTEM32\WINMM.dll
0x00007ff86a4d0000 - 0x00007ff86a4da000 	C:\WINDOWS\SYSTEM32\VERSION.dll
0x00007ff880ff0000 - 0x00007ff881003000 	C:\WINDOWS\SYSTEM32\UMPDC.dll
0x00007ff880130000 - 0x00007ff880148000 	C:\WINDOWS\SYSTEM32\kernel.appcore.dll
0x00007fffd8680000 - 0x00007fffd868a000 	C:\Program Files\Java\jdk-24\bin\jimage.dll
0x00007ff86f400000 - 0x00007ff86f633000 	C:\WINDOWS\SYSTEM32\DBGHELP.DLL
0x00007ff883490000 - 0x00007ff883823000 	C:\WINDOWS\System32\combase.dll
0x00007ff883ea0000 - 0x00007ff883f77000 	C:\WINDOWS\System32\OLEAUT32.dll
0x00007ff84d4c0000 - 0x00007ff84d4f2000 	C:\WINDOWS\SYSTEM32\dbgcore.DLL
0x00007ff881bb0000 - 0x00007ff881c2b000 	C:\WINDOWS\System32\bcryptPrimitives.dll
0x00007fffd8690000 - 0x00007fffd86ae000 	C:\Program Files\Java\jdk-24\bin\java.dll
0x00007ff883830000 - 0x00007ff8839d0000 	C:\WINDOWS\System32\ole32.dll
0x00007ff881ea0000 - 0x00007ff882742000 	C:\WINDOWS\System32\SHELL32.dll
0x00007ff881140000 - 0x00007ff88127f000 	C:\WINDOWS\System32\wintypes.dll
0x00007ff87f020000 - 0x00007ff87f93d000 	C:\WINDOWS\SYSTEM32\windows.storage.dll
0x00007ff881d90000 - 0x00007ff881e9c000 	C:\WINDOWS\System32\SHCORE.dll
0x00007ff883e30000 - 0x00007ff883e99000 	C:\WINDOWS\System32\shlwapi.dll
0x00007ff881070000 - 0x00007ff88109b000 	C:\WINDOWS\SYSTEM32\profapi.dll
0x00007fffd7500000 - 0x00007fffd75d7000 	C:\Program Files\Java\jdk-24\bin\jsvml.dll
0x00007fffd8670000 - 0x00007fffd8680000 	C:\Program Files\Java\jdk-24\bin\net.dll
0x00007ff8805b0000 - 0x00007ff880619000 	C:\WINDOWS\system32\mswsock.dll
0x00007fffd8650000 - 0x00007fffd8666000 	C:\Program Files\Java\jdk-24\bin\nio.dll
0x00007fffd74e0000 - 0x00007fffd74f7000 	C:\Program Files\Java\jdk-24\bin\zip.dll

JVMTI agents: none

dbghelp: loaded successfully - version: 4.0.5 - missing functions: none
symbol engine: initialized successfully - sym options: 0x614 - pdb path: .;C:\Program Files\Java\jdk-24\bin;C:\WINDOWS\SYSTEM32;C:\WINDOWS\WinSxS\amd64_microsoft.windows.common-controls_6595b64144ccf1df_6.0.22621.5547_none_27104afb73855772;C:\Program Files\Java\jdk-24\bin\server

VM Arguments:
jvm_args: -Dfile.encoding=UTF-8 --enable-preview --module-path=C:\java\Information_Management_Practice\build\classes 
java_command: information_management_practice.GUI
java_class_path (initial): C:\Users\RavenCosning\Downloads\flatlaf\flatlaf-3.6.jar;C:\java\Information_Management_Practice\build\classes
Launcher Type: SUN_STANDARD

[Global flags]
     intx CICompilerCount                          = 3                                         {product} {ergonomic}
     uint ConcGCThreads                            = 1                                         {product} {ergonomic}
     uint G1ConcRefinementThreads                  = 4                                         {product} {ergonomic}
   size_t G1HeapRegionSize                         = 1048576                                   {product} {ergonomic}
   size_t InitialHeapSize                          = 132120576                                 {product} {ergonomic}
   size_t MarkStackSize                            = 4194304                                   {product} {ergonomic}
   size_t MarkStackSizeMax                         = 536870912                                 {product} {ergonomic}
   size_t MaxHeapSize                              = 2105540608                                {product} {ergonomic}
   size_t MaxNewSize                               = 1262485504                                {product} {ergonomic}
   size_t MinHeapDeltaBytes                        = 1048576                                   {product} {ergonomic}
   size_t MinHeapSize                              = 8388608                                   {product} {ergonomic}
    uintx NonNMethodCodeHeapSize                   = 5832704                                {pd product} {ergonomic}
    uintx NonProfiledCodeHeapSize                  = 122945536                              {pd product} {ergonomic}
    uintx ProfiledCodeHeapSize                     = 122880000                              {pd product} {ergonomic}
    uintx ReservedCodeCacheSize                    = 251658240                              {pd product} {ergonomic}
     bool SegmentedCodeCache                       = true                                      {product} {ergonomic}
   size_t SoftMaxHeapSize                          = 2105540608                             {manageable} {ergonomic}
     bool UseCompressedOops                        = true                           {product lp64_product} {ergonomic}
     bool UseG1GC                                  = true                                      {product} {ergonomic}
     bool UseLargePagesIndividualAllocation        = false                                  {pd product} {ergonomic}

Logging:
Log output configuration:
 #0: stdout all=warning uptime,level,tags foldmultilines=false
 #1: stderr all=off uptime,level,tags foldmultilines=false

Environment Variables:
PATH=C:\Program Files\Python314\Scripts\;C:\Program Files\Python314\;C:\Program Files\Common Files\Oracle\Java\javapath;C:\Windows\System32\HWAudioDriverLibs;C:\Windows\system32;C:\Windows;C:\Windows\System32\Wbem;C:\Windows\System32\WindowsPowerShell\v1.0\;C:\Windows\System32\OpenSSH\;C:\Windows\system32\config\systemprofile\AppData\Local\Microsoft\WindowsApps;C:\WINDOWS\system32;C:\WINDOWS;C:\WINDOWS\System32\Wbem;C:\WINDOWS\System32\WindowsPowerShell\v1.0\;C:\WINDOWS\System32\OpenSSH\;C:\Users\RavenCosning\AppData\Local\Microsoft\WindowsApps
USERNAME=RavenCosning
OS=Windows_NT
PROCESSOR_IDENTIFIER=Intel64 Family 6 Model 142 Stepping 12, GenuineIntel
TMP=C:\Users\RAVENC~1\AppData\Local\Temp
TEMP=C:\Users\RAVENC~1\AppData\Local\Temp




Periodic native trim disabled

---------------  S Y S T E M  ---------------

OS:
 Windows 11 , 64 bit Build 22621 (10.0.22621.5415)
OS uptime: 3 days 11:55 hours
Hyper-V role detected

CPU: total 4 (initial active 4) (2 cores per cpu, 2 threads per core) family 6 model 142 stepping 12 microcode 0xde, cx8, cmov, fxsr, ht, mmx, 3dnowpref, sse, sse2, sse3, ssse3, sse4.1, sse4.2, popcnt, lzcnt, tsc, tscinvbit, avx, avx2, aes, erms, clmul, bmi1, bmi2, adx, fma, vzeroupper, clflush, clflushopt, hv, rdtscp, f16c
Processor Information for the first 4 processors :
  Max Mhz: 2592, Current Mhz: 2592, Mhz Limit: 2073

Memory: 4k page, system-wide physical 8025M (629M free)
TotalPageFile size 20679M (AvailPageFile size 3M)
current process WorkingSet (physical memory assigned to process): 41M, peak: 41M
current process commit charge ("private bytes"): 203M, peak: 203M

vm_info: Java HotSpot(TM) 64-Bit Server VM (24.0.1+9-30) for windows-amd64 JRE (24.0.1+9-30), built on 2025-03-05T07:23:45Z with MS VC++ 17.6 (VS2022)

END.
